---
# Source: init-secret/templates/external-secret-hftoken.yaml
apiVersion: "external-secrets.io/v1beta1"
kind: ExternalSecret
metadata:
  name: hf-token-secret
  namespace: amd-llm
  annotations:
    argocd.argoproj.io/sync-wave: "1"
spec:
  refreshInterval: 15s
  secretStoreRef:
    name: vault-backend
    kind: ClusterSecretStore
  target:
    name: hf-token-secret
    template:
      type: Opaque
  data:
    - secretKey: huggingface
      remoteRef:
        key: secret/hub/huggingface
        property: token
---
# Source: init-secret/templates/external-secret-rhoai_model.yaml
apiVersion: "external-secrets.io/v1beta1"
kind: ExternalSecret
metadata:
  name: rhoai-model-secret
  namespace: amd-llm
  annotations:
    argocd.argoproj.io/sync-wave: "1"
spec:
  refreshInterval: 15s
  secretStoreRef:
    name: vault-backend
    kind: ClusterSecretStore
  target:
    name: rhoai-model-secret
    template:
      type: Opaque
  data:
    - secretKey: inference_endpoint
      remoteRef:
        key: secret/hub/rhoai_model
        property: inference_endpoint
